
Memory Configuration

Name             Origin             Length             Attributes
FLASH            0x0000000000100000 0x0000000000400000 xr
RAM              0x0000000000000000 0x0000000000008000 xrw
*default*        0x0000000000000000 0xffffffffffffffff

Linker script and memory map


.text           0x0000000000100000      0xf54
                0x0000000000100000                . = ALIGN (0x4)
 *(.text)
 .text          0x0000000000100000       0xd4 /tmp/ccrXMTqk.o
 .text          0x00000000001000d4      0xd3c /tmp/ccc736rO.o
                0x0000000000100854                xorshift32
                0x00000000001008cc                generateRandomBinary
                0x0000000000100900                generateRandomNumber
                0x0000000000100964                main
 .text          0x0000000000100e10      0x120 /tmp/ccu90i7V.o
                0x0000000000100e10                putchar
                0x0000000000100e60                print
                0x0000000000100eb4                print_hex
 *(.text*)
 *(.rodata)
 .rodata        0x0000000000100f30        0xd /tmp/ccc736rO.o
 *fill*         0x0000000000100f3d        0x3 
 .rodata        0x0000000000100f40       0x11 /tmp/ccu90i7V.o
 *(.rodata*)
 *(.srodata)
 *(.srodata*)
                0x0000000000100f54                . = ALIGN (0x4)
 *fill*         0x0000000000100f51        0x3 
                0x0000000000100f54                _etext = .
                0x0000000000100f54                _sidata = _etext

.rela.dyn       0x0000000000100f54        0x0
 .rela.text     0x0000000000100f54        0x0 /tmp/ccrXMTqk.o

.data           0x0000000000000000       0x7c load address 0x0000000000100f54
                0x0000000000000000                . = ALIGN (0x4)
                0x0000000000000000                _sdata = .
                0x0000000000000000                _ram_start = .
                0x0000000000000000                . = ALIGN (0x4)
 *(.data)
 .data          0x0000000000000000        0x0 /tmp/ccrXMTqk.o
 .data          0x0000000000000000       0x70 /tmp/ccc736rO.o
 .data          0x0000000000000070        0x0 /tmp/ccu90i7V.o
 *(.data*)
 *(.sdata)
 .sdata         0x0000000000000070        0xc /tmp/ccc736rO.o
 *(.sdata*)
                0x000000000000007c                . = ALIGN (0x4)
                0x000000000000007c                _edata = .

.bss            0x000000000000007c      0x4b4 load address 0x0000000000100fd0
                0x000000000000007c                . = ALIGN (0x4)
                0x000000000000007c                _sbss = .
 *(.bss)
 .bss           0x000000000000007c        0x0 /tmp/ccrXMTqk.o
 .bss           0x000000000000007c      0x4b0 /tmp/ccc736rO.o
 .bss           0x000000000000052c        0x0 /tmp/ccu90i7V.o
 *(.bss*)
 *(.sbss)
 .sbss          0x000000000000052c        0x1 /tmp/ccc736rO.o
                0x000000000000052c                buttons
 *(.sbss*)
 *(COMMON)
                0x0000000000000530                . = ALIGN (0x4)
 *fill*         0x000000000000052d        0x3 
                0x0000000000000530                _ebss = .

.heap           0x0000000000000530        0x0
                0x0000000000000530                . = ALIGN (0x4)
                0x0000000000000530                _heap_start = .
LOAD /tmp/ccrXMTqk.o
LOAD /tmp/ccc736rO.o
LOAD /tmp/ccu90i7V.o
OUTPUT(/mnt/c/Users/Armin/Desktop/TetriSaraj_Gowin/2.sw/main.elf elf32-littleriscv)

.riscv.attributes
                0x0000000000000000       0x21
 .riscv.attributes
                0x0000000000000000       0x1f /tmp/ccrXMTqk.o
 .riscv.attributes
                0x000000000000001f       0x21 /tmp/ccc736rO.o
 .riscv.attributes
                0x0000000000000040       0x21 /tmp/ccu90i7V.o

.comment        0x0000000000000000        0xf
 .comment       0x0000000000000000        0xf /tmp/ccc736rO.o
                                         0x10 (size before relaxing)
 .comment       0x000000000000000f       0x10 /tmp/ccu90i7V.o
